
> ggea@0.1.0 build
> next build

▲ Next.js 16.3.2 (Turbopack)
- Environments: .env.local
✓ Running next.config.ts took 93ms

  Creating an optimized production build ...
✓ Compiled successfully in 5.7s
  Running TypeScript ...
  Finished TypeScript in 13.6s ...
  Collecting page data using 3 workers ...
  Generating static pages using 3 workers (0/8) ...
  Generating static pages using 3 workers (2/8) 
  Generating static pages using 3 workers (4/8) 
  Generating static pages using 3 workers (6/8) 
✓ Generating static pages using 3 workers (8/8) in 1552ms
  Finalizing page optimization ...

Route (app)
┌ ○ /
├ ○ /_not-found
├ ƒ /admin
├ ƒ /api/admin/bookings
├ ƒ /api/admin/login
├ ƒ /api/admin/logout
└ ƒ /api/bookings


○  (Static)   prerendered as static content
ƒ  (Dynamic)  server-rendered on demand

